Archive member included because of file (symbol)

c:/winavr-20100110/bin/../lib/gcc/avr/4.3.3/avr5\libgcc.a(_exit.o)
                              c:/winavr-20100110/bin/../lib/gcc/avr/4.3.3/../../../../avr/lib/avr5/crtm32.o (exit)
c:/winavr-20100110/bin/../lib/gcc/avr/4.3.3/avr5\libgcc.a(_copy_data.o)
                              ./main.o (__do_copy_data)
c:/winavr-20100110/bin/../lib/gcc/avr/4.3.3/avr5\libgcc.a(_clear_bss.o)
                              ./heap_1.o (__do_clear_bss)
c:/winavr-20100110/bin/../lib/gcc/avr/4.3.3/avr5\libgcc.a(_fixunssfsi.o)
                              ./lcd_4bit.o (__fixunssfsi)
c:/winavr-20100110/bin/../lib/gcc/avr/4.3.3/avr5\libgcc.a(_addsub_sf.o)
                              c:/winavr-20100110/bin/../lib/gcc/avr/4.3.3/avr5\libgcc.a(_fixunssfsi.o) (__subsf3)
c:/winavr-20100110/bin/../lib/gcc/avr/4.3.3/avr5\libgcc.a(_mul_sf.o)
                              ./lcd_4bit.o (__mulsf3)
c:/winavr-20100110/bin/../lib/gcc/avr/4.3.3/avr5\libgcc.a(_gt_sf.o)
                              ./lcd_4bit.o (__gtsf2)
c:/winavr-20100110/bin/../lib/gcc/avr/4.3.3/avr5\libgcc.a(_ge_sf.o)
                              c:/winavr-20100110/bin/../lib/gcc/avr/4.3.3/avr5\libgcc.a(_fixunssfsi.o) (__gesf2)
c:/winavr-20100110/bin/../lib/gcc/avr/4.3.3/avr5\libgcc.a(_lt_sf.o)
                              ./lcd_4bit.o (__ltsf2)
c:/winavr-20100110/bin/../lib/gcc/avr/4.3.3/avr5\libgcc.a(_sf_to_si.o)
                              c:/winavr-20100110/bin/../lib/gcc/avr/4.3.3/avr5\libgcc.a(_fixunssfsi.o) (__fixsfsi)
c:/winavr-20100110/bin/../lib/gcc/avr/4.3.3/avr5\libgcc.a(_thenan_sf.o)
                              c:/winavr-20100110/bin/../lib/gcc/avr/4.3.3/avr5\libgcc.a(_addsub_sf.o) (__thenan_sf)
c:/winavr-20100110/bin/../lib/gcc/avr/4.3.3/avr5\libgcc.a(_prologue.o)
                              c:/winavr-20100110/bin/../lib/gcc/avr/4.3.3/avr5\libgcc.a(_addsub_sf.o) (__prologue_saves__)
c:/winavr-20100110/bin/../lib/gcc/avr/4.3.3/avr5\libgcc.a(_epilogue.o)
                              c:/winavr-20100110/bin/../lib/gcc/avr/4.3.3/avr5\libgcc.a(_addsub_sf.o) (__epilogue_restores__)
c:/winavr-20100110/bin/../lib/gcc/avr/4.3.3/avr5\libgcc.a(_pack_sf.o)
                              c:/winavr-20100110/bin/../lib/gcc/avr/4.3.3/avr5\libgcc.a(_addsub_sf.o) (__pack_f)
c:/winavr-20100110/bin/../lib/gcc/avr/4.3.3/avr5\libgcc.a(_unpack_sf.o)
                              c:/winavr-20100110/bin/../lib/gcc/avr/4.3.3/avr5\libgcc.a(_addsub_sf.o) (__unpack_f)
c:/winavr-20100110/bin/../lib/gcc/avr/4.3.3/avr5\libgcc.a(_fpcmp_parts_sf.o)
                              c:/winavr-20100110/bin/../lib/gcc/avr/4.3.3/avr5\libgcc.a(_gt_sf.o) (__fpcmp_parts_f)
c:/winavr-20100110/bin/../lib/gcc/avr/4.3.3/../../../../avr/lib/avr5\libc.a(memcpy.o)
                              ./queue.o (memcpy)
c:/winavr-20100110/bin/../lib/gcc/avr/4.3.3/../../../../avr/lib/avr5\libc.a(memset.o)
                              ./stream_buffer.o (memset)
c:/winavr-20100110/bin/../lib/gcc/avr/4.3.3/../../../../avr/lib/avr5\libc.a(itoa.o)
                              ./LCD.o (itoa)
c:/winavr-20100110/bin/../lib/gcc/avr/4.3.3/../../../../avr/lib/avr5\libc.a(strrev.o)
                              c:/winavr-20100110/bin/../lib/gcc/avr/4.3.3/../../../../avr/lib/avr5\libc.a(itoa.o) (strrev)
c:/winavr-20100110/bin/../lib/gcc/avr/4.3.3/avr5\libgcc.a(_udivmodhi4.o)
                              c:/winavr-20100110/bin/../lib/gcc/avr/4.3.3/../../../../avr/lib/avr5\libc.a(itoa.o) (__udivmodhi4)

Allocating common symbols
Common symbol       size              file

Entered_PW          0x6               ./main.o
task1state          0x1               ./main.o
EnmButton_State     0x1               ./keypad.o
col                 0x1               ./keypad.o
row                 0x1               ./keypad.o

Memory Configuration

Name             Origin             Length             Attributes
text             0x00000000         0x00020000         xr
data             0x00800060         0x0000ffa0         rw !x
eeprom           0x00810000         0x00010000         rw !x
fuse             0x00820000         0x00000400         rw !x
lock             0x00830000         0x00000400         rw !x
signature        0x00840000         0x00000400         rw !x
*default*        0x00000000         0xffffffff

Linker script and memory map

LOAD c:/winavr-20100110/bin/../lib/gcc/avr/4.3.3/../../../../avr/lib/avr5/crtm32.o
LOAD ./DIO_operations.o
LOAD ./LCD.o
LOAD ./croutine.o
LOAD ./event_groups.o
LOAD ./heap_1.o
LOAD ./keypad.o
LOAD ./lcd_4bit.o
LOAD ./led.o
LOAD ./list.o
LOAD ./main.o
LOAD ./port.o
LOAD ./queue.o
LOAD ./stream_buffer.o
LOAD ./tasks.o
LOAD ./timers.o
LOAD c:/winavr-20100110/bin/../lib/gcc/avr/4.3.3/avr5\libgcc.a
LOAD c:/winavr-20100110/bin/../lib/gcc/avr/4.3.3/../../../../avr/lib/avr5\libc.a
LOAD c:/winavr-20100110/bin/../lib/gcc/avr/4.3.3/avr5\libgcc.a

.hash
 *(.hash)

.dynsym
 *(.dynsym)

.dynstr
 *(.dynstr)

.gnu.version
 *(.gnu.version)

.gnu.version_d
 *(.gnu.version_d)

.gnu.version_r
 *(.gnu.version_r)

.rel.init
 *(.rel.init)

.rela.init
 *(.rela.init)

.rel.text
 *(.rel.text)
 *(.rel.text.*)
 *(.rel.gnu.linkonce.t*)

.rela.text
 *(.rela.text)
 *(.rela.text.*)
 *(.rela.gnu.linkonce.t*)

.rel.fini
 *(.rel.fini)

.rela.fini
 *(.rela.fini)

.rel.rodata
 *(.rel.rodata)
 *(.rel.rodata.*)
 *(.rel.gnu.linkonce.r*)

.rela.rodata
 *(.rela.rodata)
 *(.rela.rodata.*)
 *(.rela.gnu.linkonce.r*)

.rel.data
 *(.rel.data)
 *(.rel.data.*)
 *(.rel.gnu.linkonce.d*)

.rela.data
 *(.rela.data)
 *(.rela.data.*)
 *(.rela.gnu.linkonce.d*)

.rel.ctors
 *(.rel.ctors)

.rela.ctors
 *(.rela.ctors)

.rel.dtors
 *(.rel.dtors)

.rela.dtors
 *(.rela.dtors)

.rel.got
 *(.rel.got)

.rela.got
 *(.rela.got)

.rel.bss
 *(.rel.bss)

.rela.bss
 *(.rela.bss)

.rel.plt
 *(.rel.plt)

.rela.plt
 *(.rela.plt)

.text           0x00000000     0x64da
 *(.vectors)
 .vectors       0x00000000       0x54 c:/winavr-20100110/bin/../lib/gcc/avr/4.3.3/../../../../avr/lib/avr5/crtm32.o
                0x00000000                __vectors
                0x00000000                __vector_default
 *(.vectors)
 *(.progmem.gcc*)
 *(.progmem*)
                0x00000054                . = ALIGN (0x2)
                0x00000054                __trampolines_start = .
 *(.trampolines)
 .trampolines   0x00000054        0x0 linker stubs
 *(.trampolines*)
                0x00000054                __trampolines_end = .
 *(.jumptables)
 *(.jumptables*)
 *(.lowtext)
 *(.lowtext*)
                0x00000054                __ctors_start = .
 *(.ctors)
                0x00000054                __ctors_end = .
                0x00000054                __dtors_start = .
 *(.dtors)
                0x00000054                __dtors_end = .
 SORT(*)(.ctors)
 SORT(*)(.dtors)
 *(.init0)
 .init0         0x00000054        0x0 c:/winavr-20100110/bin/../lib/gcc/avr/4.3.3/../../../../avr/lib/avr5/crtm32.o
                0x00000054                __init
 *(.init0)
 *(.init1)
 *(.init1)
 *(.init2)
 .init2         0x00000054        0xc c:/winavr-20100110/bin/../lib/gcc/avr/4.3.3/../../../../avr/lib/avr5/crtm32.o
 *(.init2)
 *(.init3)
 *(.init3)
 *(.init4)
 .init4         0x00000060       0x16 c:/winavr-20100110/bin/../lib/gcc/avr/4.3.3/avr5\libgcc.a(_copy_data.o)
                0x00000060                __do_copy_data
 .init4         0x00000076       0x10 c:/winavr-20100110/bin/../lib/gcc/avr/4.3.3/avr5\libgcc.a(_clear_bss.o)
                0x00000076                __do_clear_bss
 *(.init4)
 *(.init5)
 *(.init5)
 *(.init6)
 *(.init6)
 *(.init7)
 *(.init7)
 *(.init8)
 *(.init8)
 *(.init9)
 .init9         0x00000086        0x8 c:/winavr-20100110/bin/../lib/gcc/avr/4.3.3/../../../../avr/lib/avr5/crtm32.o
 *(.init9)
 *(.text)
 .text          0x0000008e        0x4 c:/winavr-20100110/bin/../lib/gcc/avr/4.3.3/../../../../avr/lib/avr5/crtm32.o
                0x0000008e                __vector_1
                0x0000008e                __vector_12
                0x0000008e                __bad_interrupt
                0x0000008e                __vector_6
                0x0000008e                __vector_3
                0x0000008e                __vector_11
                0x0000008e                __vector_13
                0x0000008e                __vector_17
                0x0000008e                __vector_19
                0x0000008e                __vector_5
                0x0000008e                __vector_4
                0x0000008e                __vector_9
                0x0000008e                __vector_2
                0x0000008e                __vector_15
                0x0000008e                __vector_8
                0x0000008e                __vector_14
                0x0000008e                __vector_10
                0x0000008e                __vector_16
                0x0000008e                __vector_18
                0x0000008e                __vector_20
 .text          0x00000092        0x0 ./DIO_operations.o
 .text          0x00000092        0x0 ./LCD.o
 .text          0x00000092        0x0 ./croutine.o
 .text          0x00000092        0x0 ./event_groups.o
 .text          0x00000092        0x0 ./heap_1.o
 .text          0x00000092        0x0 ./keypad.o
 .text          0x00000092        0x0 ./lcd_4bit.o
 .text          0x00000092        0x0 ./led.o
 .text          0x00000092        0x0 ./list.o
 .text          0x00000092        0x0 ./main.o
 .text          0x00000092        0x0 ./port.o
 .text          0x00000092        0x0 ./queue.o
 .text          0x00000092        0x0 ./stream_buffer.o
 .text          0x00000092        0x0 ./tasks.o
 .text          0x00000092        0x0 ./timers.o
 .text          0x00000092        0x0 c:/winavr-20100110/bin/../lib/gcc/avr/4.3.3/avr5\libgcc.a(_exit.o)
 .text          0x00000092        0x0 c:/winavr-20100110/bin/../lib/gcc/avr/4.3.3/avr5\libgcc.a(_copy_data.o)
 .text          0x00000092        0x0 c:/winavr-20100110/bin/../lib/gcc/avr/4.3.3/avr5\libgcc.a(_clear_bss.o)
 .text          0x00000092       0x58 c:/winavr-20100110/bin/../lib/gcc/avr/4.3.3/avr5\libgcc.a(_fixunssfsi.o)
                0x00000092                __fixunssfsi
 .text          0x000000ea      0x354 c:/winavr-20100110/bin/../lib/gcc/avr/4.3.3/avr5\libgcc.a(_addsub_sf.o)
                0x00000382                __subsf3
                0x000003e4                __addsf3
 .text          0x0000043e      0x1f4 c:/winavr-20100110/bin/../lib/gcc/avr/4.3.3/avr5\libgcc.a(_mul_sf.o)
                0x0000043e                __mulsf3
 .text          0x00000632       0x60 c:/winavr-20100110/bin/../lib/gcc/avr/4.3.3/avr5\libgcc.a(_gt_sf.o)
                0x00000632                __gtsf2
 .text          0x00000692       0x60 c:/winavr-20100110/bin/../lib/gcc/avr/4.3.3/avr5\libgcc.a(_ge_sf.o)
                0x00000692                __gesf2
 .text          0x000006f2       0x60 c:/winavr-20100110/bin/../lib/gcc/avr/4.3.3/avr5\libgcc.a(_lt_sf.o)
                0x000006f2                __ltsf2
 .text          0x00000752       0xa8 c:/winavr-20100110/bin/../lib/gcc/avr/4.3.3/avr5\libgcc.a(_sf_to_si.o)
                0x00000752                __fixsfsi
 .text          0x000007fa        0x0 c:/winavr-20100110/bin/../lib/gcc/avr/4.3.3/avr5\libgcc.a(_thenan_sf.o)
 .text          0x000007fa        0x0 c:/winavr-20100110/bin/../lib/gcc/avr/4.3.3/avr5\libgcc.a(_prologue.o)
 .text          0x000007fa        0x0 c:/winavr-20100110/bin/../lib/gcc/avr/4.3.3/avr5\libgcc.a(_epilogue.o)
 .text          0x000007fa      0x1aa c:/winavr-20100110/bin/../lib/gcc/avr/4.3.3/avr5\libgcc.a(_pack_sf.o)
                0x000007fa                __pack_f
 .text          0x000009a4       0xf0 c:/winavr-20100110/bin/../lib/gcc/avr/4.3.3/avr5\libgcc.a(_unpack_sf.o)
                0x000009a4                __unpack_f
 .text          0x00000a94       0xb2 c:/winavr-20100110/bin/../lib/gcc/avr/4.3.3/avr5\libgcc.a(_fpcmp_parts_sf.o)
                0x00000a94                __fpcmp_parts_f
 .text          0x00000b46        0x0 c:/winavr-20100110/bin/../lib/gcc/avr/4.3.3/../../../../avr/lib/avr5\libc.a(memcpy.o)
 .text          0x00000b46        0x0 c:/winavr-20100110/bin/../lib/gcc/avr/4.3.3/../../../../avr/lib/avr5\libc.a(memset.o)
 .text          0x00000b46        0x0 c:/winavr-20100110/bin/../lib/gcc/avr/4.3.3/../../../../avr/lib/avr5\libc.a(itoa.o)
 .text          0x00000b46        0x0 c:/winavr-20100110/bin/../lib/gcc/avr/4.3.3/../../../../avr/lib/avr5\libc.a(strrev.o)
 .text          0x00000b46        0x0 c:/winavr-20100110/bin/../lib/gcc/avr/4.3.3/avr5\libgcc.a(_udivmodhi4.o)
                0x00000b46                . = ALIGN (0x2)
 *(.text.*)
 .text.DIO_WritePin
                0x00000b46      0x1ea ./DIO_operations.o
                0x00000b46                DIO_WritePin
 .text.DIO_ReadPin
                0x00000d30       0xe2 ./DIO_operations.o
                0x00000d30                DIO_ReadPin
 .text.DIO_SetPinDirection
                0x00000e12      0x1ea ./DIO_operations.o
                0x00000e12                DIO_SetPinDirection
 .text.LCD_INIT
                0x00000ffc       0x56 ./LCD.o
                0x00000ffc                LCD_INIT
 .text.LCD_sendCommand
                0x00001052       0xd2 ./LCD.o
                0x00001052                LCD_sendCommand
 .text.LCD_sendChar
                0x00001124       0xd2 ./LCD.o
                0x00001124                LCD_sendChar
 .text.LCD_sendString
                0x000011f6       0x52 ./LCD.o
                0x000011f6                LCD_sendString
 .text.LCD_Clear
                0x00001248       0x14 ./LCD.o
                0x00001248                LCD_Clear
 .text.LCD_IntToStr
                0x0000125c       0x46 ./LCD.o
                0x0000125c                LCD_IntToStr
 .text.LCD_goToRowColumn
                0x000012a2       0x84 ./LCD.o
                0x000012a2                LCD_goToRowColumn
 .text.LCD_displayStringRowColumn
                0x00001326       0x32 ./LCD.o
                0x00001326                LCD_displayStringRowColumn
 .text.xEventGroupCreate
                0x00001358       0x3e ./event_groups.o
                0x00001358                xEventGroupCreate
 .text.xEventGroupSync
                0x00001396      0x172 ./event_groups.o
                0x00001396                xEventGroupSync
 .text.xEventGroupWaitBits
                0x00001508      0x18c ./event_groups.o
                0x00001508                xEventGroupWaitBits
 .text.xEventGroupClearBits
                0x00001694       0x6c ./event_groups.o
                0x00001694                xEventGroupClearBits
 .text.xEventGroupGetBitsFromISR
                0x00001700       0x44 ./event_groups.o
                0x00001700                xEventGroupGetBitsFromISR
 .text.xEventGroupSetBits
                0x00001744      0x164 ./event_groups.o
                0x00001744                xEventGroupSetBits
 .text.vEventGroupDelete
                0x000018a8       0x62 ./event_groups.o
                0x000018a8                vEventGroupDelete
 .text.vEventGroupSetBitsCallback
                0x0000190a       0x3a ./event_groups.o
                0x0000190a                vEventGroupSetBitsCallback
 .text.vEventGroupClearBitsCallback
                0x00001944       0x3a ./event_groups.o
                0x00001944                vEventGroupClearBitsCallback
 .text.prvTestWaitCondition
                0x0000197e       0x64 ./event_groups.o
 .text.pvPortMalloc
                0x000019e2       0xac ./heap_1.o
                0x000019e2                pvPortMalloc
 .text.vPortFree
                0x00001a8e       0x18 ./heap_1.o
                0x00001a8e                vPortFree
 .text.vPortInitialiseBlocks
                0x00001aa6       0x16 ./heap_1.o
                0x00001aa6                vPortInitialiseBlocks
 .text.xPortGetFreeHeapSize
                0x00001abc       0x1e ./heap_1.o
                0x00001abc                xPortGetFreeHeapSize
 .text.KeyPad_init
                0x00001ada       0x1e ./keypad.o
                0x00001ada                KeyPad_init
 .text.KeyPad_getPressedKey
                0x00001af8       0xd4 ./keypad.o
                0x00001af8                KeyPad_getPressedKey
 .text.KeyPad_3x3_adjustKeyNumber
                0x00001bcc       0xd8 ./keypad.o
 .text.enableTrigger
                0x00001ca4      0x20a ./lcd_4bit.o
                0x00001ca4                enableTrigger
 .text.lcd_init
                0x00001eae       0x36 ./lcd_4bit.o
                0x00001eae                lcd_init
 .text.lcd_sendCommand
                0x00001ee4       0x88 ./lcd_4bit.o
                0x00001ee4                lcd_sendCommand
 .text.lcd_displayChar
                0x00001f6c       0x88 ./lcd_4bit.o
                0x00001f6c                lcd_displayChar
 .text.lcd_gotoxy
                0x00001ff4       0x94 ./lcd_4bit.o
                0x00001ff4                lcd_gotoxy
 .text.lcd_clrScreen
                0x00002088       0x14 ./lcd_4bit.o
                0x00002088                lcd_clrScreen
 .text.lcd_dispString
                0x0000209c       0x38 ./lcd_4bit.o
                0x0000209c                lcd_dispString
 .text.lcd_disp_string_xy
                0x000020d4       0x3e ./lcd_4bit.o
                0x000020d4                lcd_disp_string_xy
 .text.LED_Init
                0x00002112       0x1e ./led.o
                0x00002112                LED_Init
 .text.LED_Toggle
                0x00002130       0x1e ./led.o
                0x00002130                LED_Toggle
 .text.vListInitialise
                0x0000214e       0x54 ./list.o
                0x0000214e                vListInitialise
 .text.vListInitialiseItem
                0x000021a2       0x20 ./list.o
                0x000021a2                vListInitialiseItem
 .text.vListInsertEnd
                0x000021c2       0x88 ./list.o
                0x000021c2                vListInsertEnd
 .text.vListInsert
                0x0000224a       0xd8 ./list.o
                0x0000224a                vListInsert
 .text.uxListRemove
                0x00002322       0x98 ./list.o
                0x00002322                uxListRemove
 .text.main     0x000023ba       0x8c ./main.o
                0x000023ba                main
 .text.InitTask
                0x00002446       0x3a ./main.o
                0x00002446                InitTask
 .text.Task2    0x00002480       0x16 ./main.o
                0x00002480                Task2
 .text.Task1    0x00002496      0x1b4 ./main.o
                0x00002496                Task1
 .text.Task3    0x0000264a       0x2e ./main.o
                0x0000264a                Task3
 .text.pxPortInitialiseStack
                0x00002678      0x306 ./port.o
                0x00002678                pxPortInitialiseStack
 .text.xPortStartScheduler
                0x0000297e       0x6a ./port.o
                0x0000297e                xPortStartScheduler
 .text.vPortEndScheduler
                0x000029e8        0xe ./port.o
                0x000029e8                vPortEndScheduler
 .text.vPortYield
                0x000029f6       0xb2 ./port.o
                0x000029f6                vPortYield
 .text.vPortYieldFromTick
                0x00002aa8       0xba ./port.o
                0x00002aa8                vPortYieldFromTick
 .text.prvSetupTimerInterrupt
                0x00002b62       0xb8 ./port.o
 .text.__vector_7
                0x00002c1a        0x6 ./port.o
                0x00002c1a                __vector_7
 .text.xQueueGenericReset
                0x00002c20      0x10c ./queue.o
                0x00002c20                xQueueGenericReset
 .text.xQueueGenericCreate
                0x00002d2c       0xa2 ./queue.o
                0x00002d2c                xQueueGenericCreate
 .text.prvInitialiseNewQueue
                0x00002dce       0x76 ./queue.o
 .text.xQueueGenericSend
                0x00002e44      0x158 ./queue.o
                0x00002e44                xQueueGenericSend
 .text.xQueueGenericSendFromISR
                0x00002f9c       0xb0 ./queue.o
                0x00002f9c                xQueueGenericSendFromISR
 .text.xQueueGiveFromISR
                0x0000304c       0xa2 ./queue.o
                0x0000304c                xQueueGiveFromISR
 .text.xQueueReceive
                0x000030ee      0x156 ./queue.o
                0x000030ee                xQueueReceive
 .text.xQueueSemaphoreTake
                0x00003244      0x144 ./queue.o
                0x00003244                xQueueSemaphoreTake
 .text.xQueuePeek
                0x00003388      0x164 ./queue.o
                0x00003388                xQueuePeek
 .text.xQueueReceiveFromISR
                0x000034ec       0xae ./queue.o
                0x000034ec                xQueueReceiveFromISR
 .text.xQueuePeekFromISR
                0x0000359a       0x72 ./queue.o
                0x0000359a                xQueuePeekFromISR
 .text.uxQueueMessagesWaiting
                0x0000360c       0x30 ./queue.o
                0x0000360c                uxQueueMessagesWaiting
 .text.uxQueueSpacesAvailable
                0x0000363c       0x4a ./queue.o
                0x0000363c                uxQueueSpacesAvailable
 .text.uxQueueMessagesWaitingFromISR
                0x00003686       0x34 ./queue.o
                0x00003686                uxQueueMessagesWaitingFromISR
 .text.vQueueDelete
                0x000036ba       0x2e ./queue.o
                0x000036ba                vQueueDelete
 .text.prvCopyDataToQueue
                0x000036e8      0x14c ./queue.o
 .text.prvCopyDataFromQueue
                0x00003834       0x8e ./queue.o
 .text.prvUnlockQueue
                0x000038c2       0xa6 ./queue.o
 .text.prvIsQueueEmpty
                0x00003968       0x3a ./queue.o
 .text.xQueueIsQueueEmptyFromISR
                0x000039a2       0x3e ./queue.o
                0x000039a2                xQueueIsQueueEmptyFromISR
 .text.prvIsQueueFull
                0x000039e0       0x40 ./queue.o
 .text.xQueueIsQueueFullFromISR
                0x00003a20       0x44 ./queue.o
                0x00003a20                xQueueIsQueueFullFromISR
 .text.xStreamBufferGenericCreate
                0x00003a64       0x98 ./stream_buffer.o
                0x00003a64                xStreamBufferGenericCreate
 .text.vStreamBufferDelete
                0x00003afc       0x52 ./stream_buffer.o
                0x00003afc                vStreamBufferDelete
 .text.xStreamBufferReset
                0x00003b4e       0x84 ./stream_buffer.o
                0x00003b4e                xStreamBufferReset
 .text.xStreamBufferSetTriggerLevel
                0x00003bd2       0x6e ./stream_buffer.o
                0x00003bd2                xStreamBufferSetTriggerLevel
 .text.xStreamBufferSpacesAvailable
                0x00003c40       0x8c ./stream_buffer.o
                0x00003c40                xStreamBufferSpacesAvailable
 .text.xStreamBufferBytesAvailable
                0x00003ccc       0x3c ./stream_buffer.o
                0x00003ccc                xStreamBufferBytesAvailable
 .text.xStreamBufferSend
                0x00003d08      0x190 ./stream_buffer.o
                0x00003d08                xStreamBufferSend
 .text.xStreamBufferSendFromISR
                0x00003e98       0xfa ./stream_buffer.o
                0x00003e98                xStreamBufferSendFromISR
 .text.prvWriteMessageToBuffer
                0x00003f92       0xe4 ./stream_buffer.o
 .text.xStreamBufferReceive
                0x00004076      0x174 ./stream_buffer.o
                0x00004076                xStreamBufferReceive
 .text.xStreamBufferNextMessageLengthBytes
                0x000041ea       0xa4 ./stream_buffer.o
                0x000041ea                xStreamBufferNextMessageLengthBytes
 .text.xStreamBufferReceiveFromISR
                0x0000428e       0xf0 ./stream_buffer.o
                0x0000428e                xStreamBufferReceiveFromISR
 .text.prvReadMessageFromBuffer
                0x0000437e       0xd8 ./stream_buffer.o
 .text.xStreamBufferIsEmpty
                0x00004456       0x5a ./stream_buffer.o
                0x00004456                xStreamBufferIsEmpty
 .text.xStreamBufferIsFull
                0x000044b0       0x70 ./stream_buffer.o
                0x000044b0                xStreamBufferIsFull
 .text.xStreamBufferSendCompletedFromISR
                0x00004520       0x86 ./stream_buffer.o
                0x00004520                xStreamBufferSendCompletedFromISR
 .text.xStreamBufferReceiveCompletedFromISR
                0x000045a6       0x86 ./stream_buffer.o
                0x000045a6                xStreamBufferReceiveCompletedFromISR
 .text.prvWriteBytesToBuffer
                0x0000462c      0x11a ./stream_buffer.o
 .text.prvReadBytesFromBuffer
                0x00004746      0x15a ./stream_buffer.o
 .text.prvBytesInBuffer
                0x000048a0       0x74 ./stream_buffer.o
 .text.prvInitialiseNewStreamBuffer
                0x00004914       0x78 ./stream_buffer.o
 .text.xTaskCreate
                0x0000498c       0xf0 ./tasks.o
                0x0000498c                xTaskCreate
 .text.prvInitialiseNewTask
                0x00004a7c      0x178 ./tasks.o
 .text.prvAddNewTaskToReadyList
                0x00004bf4       0xf0 ./tasks.o
 .text.vTaskDelete
                0x00004ce4       0xe4 ./tasks.o
                0x00004ce4                vTaskDelete
 .text.vTaskDelay
                0x00004dc8       0x44 ./tasks.o
                0x00004dc8                vTaskDelay
 .text.vTaskSuspend
                0x00004e0c       0xe8 ./tasks.o
                0x00004e0c                vTaskSuspend
 .text.prvTaskIsTaskSuspended
                0x00004ef4       0x5e ./tasks.o
 .text.vTaskResume
                0x00004f52       0xc8 ./tasks.o
                0x00004f52                vTaskResume
 .text.xTaskResumeFromISR
                0x0000501a       0xcc ./tasks.o
                0x0000501a                xTaskResumeFromISR
 .text.vTaskStartScheduler
                0x000050e6       0x64 ./tasks.o
                0x000050e6                vTaskStartScheduler
 .text.vTaskEndScheduler
                0x0000514a       0x18 ./tasks.o
                0x0000514a                vTaskEndScheduler
 .text.vTaskSuspendAll
                0x00005162       0x18 ./tasks.o
                0x00005162                vTaskSuspendAll
 .text.xTaskResumeAll
                0x0000517a      0x126 ./tasks.o
                0x0000517a                xTaskResumeAll
 .text.xTaskGetTickCount
                0x000052a0       0x2e ./tasks.o
                0x000052a0                xTaskGetTickCount
 .text.xTaskGetTickCountFromISR
                0x000052ce       0x2a ./tasks.o
                0x000052ce                xTaskGetTickCountFromISR
 .text.uxTaskGetNumberOfTasks
                0x000052f8       0x12 ./tasks.o
                0x000052f8                uxTaskGetNumberOfTasks
 .text.pcTaskGetName
                0x0000530a       0x50 ./tasks.o
                0x0000530a                pcTaskGetName
 .text.xTaskIncrementTick
                0x0000535a      0x1ca ./tasks.o
                0x0000535a                xTaskIncrementTick
 .text.vTaskSwitchContext
                0x00005524       0xda ./tasks.o
                0x00005524                vTaskSwitchContext
 .text.vTaskPlaceOnEventList
                0x000055fe       0x44 ./tasks.o
                0x000055fe                vTaskPlaceOnEventList
 .text.vTaskPlaceOnUnorderedEventList
                0x00005642       0x60 ./tasks.o
                0x00005642                vTaskPlaceOnUnorderedEventList
 .text.xTaskRemoveFromEventList
                0x000056a2       0xd6 ./tasks.o
                0x000056a2                xTaskRemoveFromEventList
 .text.vTaskRemoveFromUnorderedEventList
                0x00005778       0xba ./tasks.o
                0x00005778                vTaskRemoveFromUnorderedEventList
 .text.vTaskSetTimeOutState
                0x00005832       0x3c ./tasks.o
                0x00005832                vTaskSetTimeOutState
 .text.vTaskInternalSetTimeOutState
                0x0000586e       0x32 ./tasks.o
                0x0000586e                vTaskInternalSetTimeOutState
 .text.xTaskCheckForTimeOut
                0x000058a0       0xda ./tasks.o
                0x000058a0                xTaskCheckForTimeOut
 .text.vTaskMissedYield
                0x0000597a       0x14 ./tasks.o
                0x0000597a                vTaskMissedYield
 .text.prvIdleTask
                0x0000598e       0x14 ./tasks.o
 .text.prvInitialiseTaskLists
                0x000059a2       0x82 ./tasks.o
 .text.prvCheckTasksWaitingTermination
                0x00005a24       0x5e ./tasks.o
 .text.prvDeleteTCB
                0x00005a82       0x2c ./tasks.o
 .text.prvResetNextTaskUnblockTime
                0x00005aae       0x56 ./tasks.o
 .text.xTaskGetCurrentTaskHandle
                0x00005b04       0x24 ./tasks.o
                0x00005b04                xTaskGetCurrentTaskHandle
 .text.uxTaskResetEventItemValue
                0x00005b28       0x4e ./tasks.o
                0x00005b28                uxTaskResetEventItemValue
 .text.ulTaskNotifyTake
                0x00005b76       0xee ./tasks.o
                0x00005b76                ulTaskNotifyTake
 .text.xTaskNotifyWait
                0x00005c64      0x138 ./tasks.o
                0x00005c64                xTaskNotifyWait
 .text.xTaskGenericNotify
                0x00005d9c      0x1ba ./tasks.o
                0x00005d9c                xTaskGenericNotify
 .text.xTaskGenericNotifyFromISR
                0x00005f56      0x1f0 ./tasks.o
                0x00005f56                xTaskGenericNotifyFromISR
 .text.vTaskNotifyGiveFromISR
                0x00006146      0x10c ./tasks.o
                0x00006146                vTaskNotifyGiveFromISR
 .text.xTaskNotifyStateClear
                0x00006252       0x74 ./tasks.o
                0x00006252                xTaskNotifyStateClear
 .text.prvAddCurrentTaskToDelayedList
                0x000062c6       0xf8 ./tasks.o
 .text.libgcc   0x000063be        0x0 c:/winavr-20100110/bin/../lib/gcc/avr/4.3.3/avr5\libgcc.a(_exit.o)
 .text.libgcc   0x000063be        0x0 c:/winavr-20100110/bin/../lib/gcc/avr/4.3.3/avr5\libgcc.a(_copy_data.o)
 .text.libgcc   0x000063be        0x0 c:/winavr-20100110/bin/../lib/gcc/avr/4.3.3/avr5\libgcc.a(_clear_bss.o)
 .text.libgcc   0x000063be       0x38 c:/winavr-20100110/bin/../lib/gcc/avr/4.3.3/avr5\libgcc.a(_prologue.o)
                0x000063be                __prologue_saves__
 .text.libgcc   0x000063f6       0x36 c:/winavr-20100110/bin/../lib/gcc/avr/4.3.3/avr5\libgcc.a(_epilogue.o)
                0x000063f6                __epilogue_restores__
 .text.avr-libc
                0x0000642c       0x12 c:/winavr-20100110/bin/../lib/gcc/avr/4.3.3/../../../../avr/lib/avr5\libc.a(memcpy.o)
                0x0000642c                memcpy
 .text.avr-libc
                0x0000643e        0xe c:/winavr-20100110/bin/../lib/gcc/avr/4.3.3/../../../../avr/lib/avr5\libc.a(memset.o)
                0x0000643e                memset
 .text.avr-libc
                0x0000644c       0x42 c:/winavr-20100110/bin/../lib/gcc/avr/4.3.3/../../../../avr/lib/avr5\libc.a(itoa.o)
                0x0000644c                itoa
 .text.avr-libc
                0x0000648e       0x20 c:/winavr-20100110/bin/../lib/gcc/avr/4.3.3/../../../../avr/lib/avr5\libc.a(strrev.o)
                0x0000648e                strrev
 .text.libgcc   0x000064ae       0x28 c:/winavr-20100110/bin/../lib/gcc/avr/4.3.3/avr5\libgcc.a(_udivmodhi4.o)
                0x000064ae                __udivmodhi4
                0x000064d6                . = ALIGN (0x2)
 *(.fini9)
 .fini9         0x000064d6        0x0 c:/winavr-20100110/bin/../lib/gcc/avr/4.3.3/avr5\libgcc.a(_exit.o)
                0x000064d6                exit
                0x000064d6                _exit
 *(.fini9)
 *(.fini8)
 *(.fini8)
 *(.fini7)
 *(.fini7)
 *(.fini6)
 *(.fini6)
 *(.fini5)
 *(.fini5)
 *(.fini4)
 *(.fini4)
 *(.fini3)
 *(.fini3)
 *(.fini2)
 *(.fini2)
 *(.fini1)
 *(.fini1)
 *(.fini0)
 .fini0         0x000064d6        0x4 c:/winavr-20100110/bin/../lib/gcc/avr/4.3.3/avr5\libgcc.a(_exit.o)
 *(.fini0)
                0x000064da                _etext = .

.data           0x00800060       0x70 load address 0x000064da
                0x00800060                PROVIDE (__data_start, .)
 *(.data)
 .data          0x00800060        0x0 c:/winavr-20100110/bin/../lib/gcc/avr/4.3.3/../../../../avr/lib/avr5/crtm32.o
 .data          0x00800060        0x0 ./DIO_operations.o
 .data          0x00800060        0x0 ./LCD.o
 .data          0x00800060        0x0 ./croutine.o
 .data          0x00800060        0x0 ./event_groups.o
 .data          0x00800060        0x0 ./heap_1.o
 .data          0x00800060        0x0 ./keypad.o
 .data          0x00800060        0x0 ./lcd_4bit.o
 .data          0x00800060        0x0 ./led.o
 .data          0x00800060        0x0 ./list.o
 .data          0x00800060       0x5b ./main.o
 .data          0x008000bb        0x0 ./port.o
 .data          0x008000bb        0x0 ./queue.o
 .data          0x008000bb        0x0 ./stream_buffer.o
 .data          0x008000bb        0x5 ./tasks.o
 .data          0x008000c0        0x0 ./timers.o
 .data          0x008000c0        0x0 c:/winavr-20100110/bin/../lib/gcc/avr/4.3.3/avr5\libgcc.a(_exit.o)
 .data          0x008000c0        0x0 c:/winavr-20100110/bin/../lib/gcc/avr/4.3.3/avr5\libgcc.a(_copy_data.o)
 .data          0x008000c0        0x0 c:/winavr-20100110/bin/../lib/gcc/avr/4.3.3/avr5\libgcc.a(_clear_bss.o)
 .data          0x008000c0        0x0 c:/winavr-20100110/bin/../lib/gcc/avr/4.3.3/avr5\libgcc.a(_fixunssfsi.o)
 .data          0x008000c0        0x0 c:/winavr-20100110/bin/../lib/gcc/avr/4.3.3/avr5\libgcc.a(_addsub_sf.o)
 .data          0x008000c0        0x0 c:/winavr-20100110/bin/../lib/gcc/avr/4.3.3/avr5\libgcc.a(_mul_sf.o)
 .data          0x008000c0        0x0 c:/winavr-20100110/bin/../lib/gcc/avr/4.3.3/avr5\libgcc.a(_gt_sf.o)
 .data          0x008000c0        0x0 c:/winavr-20100110/bin/../lib/gcc/avr/4.3.3/avr5\libgcc.a(_ge_sf.o)
 .data          0x008000c0        0x0 c:/winavr-20100110/bin/../lib/gcc/avr/4.3.3/avr5\libgcc.a(_lt_sf.o)
 .data          0x008000c0        0x0 c:/winavr-20100110/bin/../lib/gcc/avr/4.3.3/avr5\libgcc.a(_sf_to_si.o)
 .data          0x008000c0        0x8 c:/winavr-20100110/bin/../lib/gcc/avr/4.3.3/avr5\libgcc.a(_thenan_sf.o)
                0x008000c0                __thenan_sf
 .data          0x008000c8        0x0 c:/winavr-20100110/bin/../lib/gcc/avr/4.3.3/avr5\libgcc.a(_prologue.o)
 .data          0x008000c8        0x0 c:/winavr-20100110/bin/../lib/gcc/avr/4.3.3/avr5\libgcc.a(_epilogue.o)
 .data          0x008000c8        0x0 c:/winavr-20100110/bin/../lib/gcc/avr/4.3.3/avr5\libgcc.a(_pack_sf.o)
 .data          0x008000c8        0x0 c:/winavr-20100110/bin/../lib/gcc/avr/4.3.3/avr5\libgcc.a(_unpack_sf.o)
 .data          0x008000c8        0x0 c:/winavr-20100110/bin/../lib/gcc/avr/4.3.3/avr5\libgcc.a(_fpcmp_parts_sf.o)
 .data          0x008000c8        0x0 c:/winavr-20100110/bin/../lib/gcc/avr/4.3.3/../../../../avr/lib/avr5\libc.a(memcpy.o)
 .data          0x008000c8        0x0 c:/winavr-20100110/bin/../lib/gcc/avr/4.3.3/../../../../avr/lib/avr5\libc.a(memset.o)
 .data          0x008000c8        0x0 c:/winavr-20100110/bin/../lib/gcc/avr/4.3.3/../../../../avr/lib/avr5\libc.a(itoa.o)
 .data          0x008000c8        0x0 c:/winavr-20100110/bin/../lib/gcc/avr/4.3.3/../../../../avr/lib/avr5\libc.a(strrev.o)
 .data          0x008000c8        0x0 c:/winavr-20100110/bin/../lib/gcc/avr/4.3.3/avr5\libgcc.a(_udivmodhi4.o)
 *(.data*)
 .data.key      0x008000c8        0x1 ./main.o
                0x008000c8                key
 .data.Saved_PW
                0x008000c9        0x6 ./main.o
                0x008000c9                Saved_PW
 *(.rodata)
 *(.rodata*)
 *(.gnu.linkonce.d*)
                0x008000d0                . = ALIGN (0x2)
 *fill*         0x008000cf        0x1 00
                0x008000d0                _edata = .
                0x008000d0                PROVIDE (__data_end, .)

.bss            0x008000d0      0x660
                0x008000d0                PROVIDE (__bss_start, .)
 *(.bss)
 .bss           0x008000d0        0x0 c:/winavr-20100110/bin/../lib/gcc/avr/4.3.3/../../../../avr/lib/avr5/crtm32.o
 .bss           0x008000d0        0x0 ./DIO_operations.o
 .bss           0x008000d0        0x0 ./LCD.o
 .bss           0x008000d0        0x0 ./croutine.o
 .bss           0x008000d0        0x0 ./event_groups.o
 .bss           0x008000d0        0x0 ./heap_1.o
 .bss           0x008000d0        0x0 ./keypad.o
 .bss           0x008000d0        0x0 ./lcd_4bit.o
 .bss           0x008000d0        0x0 ./led.o
 .bss           0x008000d0        0x0 ./list.o
 .bss           0x008000d0        0x0 ./main.o
 .bss           0x008000d0        0x0 ./port.o
 .bss           0x008000d0        0x0 ./queue.o
 .bss           0x008000d0        0x0 ./stream_buffer.o
 .bss           0x008000d0        0x0 ./tasks.o
 .bss           0x008000d0        0x0 ./timers.o
 .bss           0x008000d0        0x0 c:/winavr-20100110/bin/../lib/gcc/avr/4.3.3/avr5\libgcc.a(_exit.o)
 .bss           0x008000d0        0x0 c:/winavr-20100110/bin/../lib/gcc/avr/4.3.3/avr5\libgcc.a(_copy_data.o)
 .bss           0x008000d0        0x0 c:/winavr-20100110/bin/../lib/gcc/avr/4.3.3/avr5\libgcc.a(_clear_bss.o)
 .bss           0x008000d0        0x0 c:/winavr-20100110/bin/../lib/gcc/avr/4.3.3/avr5\libgcc.a(_fixunssfsi.o)
 .bss           0x008000d0        0x0 c:/winavr-20100110/bin/../lib/gcc/avr/4.3.3/avr5\libgcc.a(_addsub_sf.o)
 .bss           0x008000d0        0x0 c:/winavr-20100110/bin/../lib/gcc/avr/4.3.3/avr5\libgcc.a(_mul_sf.o)
 .bss           0x008000d0        0x0 c:/winavr-20100110/bin/../lib/gcc/avr/4.3.3/avr5\libgcc.a(_gt_sf.o)
 .bss           0x008000d0        0x0 c:/winavr-20100110/bin/../lib/gcc/avr/4.3.3/avr5\libgcc.a(_ge_sf.o)
 .bss           0x008000d0        0x0 c:/winavr-20100110/bin/../lib/gcc/avr/4.3.3/avr5\libgcc.a(_lt_sf.o)
 .bss           0x008000d0        0x0 c:/winavr-20100110/bin/../lib/gcc/avr/4.3.3/avr5\libgcc.a(_sf_to_si.o)
 .bss           0x008000d0        0x0 c:/winavr-20100110/bin/../lib/gcc/avr/4.3.3/avr5\libgcc.a(_thenan_sf.o)
 .bss           0x008000d0        0x0 c:/winavr-20100110/bin/../lib/gcc/avr/4.3.3/avr5\libgcc.a(_prologue.o)
 .bss           0x008000d0        0x0 c:/winavr-20100110/bin/../lib/gcc/avr/4.3.3/avr5\libgcc.a(_epilogue.o)
 .bss           0x008000d0        0x0 c:/winavr-20100110/bin/../lib/gcc/avr/4.3.3/avr5\libgcc.a(_pack_sf.o)
 .bss           0x008000d0        0x0 c:/winavr-20100110/bin/../lib/gcc/avr/4.3.3/avr5\libgcc.a(_unpack_sf.o)
 .bss           0x008000d0        0x0 c:/winavr-20100110/bin/../lib/gcc/avr/4.3.3/avr5\libgcc.a(_fpcmp_parts_sf.o)
 .bss           0x008000d0        0x0 c:/winavr-20100110/bin/../lib/gcc/avr/4.3.3/../../../../avr/lib/avr5\libc.a(memcpy.o)
 .bss           0x008000d0        0x0 c:/winavr-20100110/bin/../lib/gcc/avr/4.3.3/../../../../avr/lib/avr5\libc.a(memset.o)
 .bss           0x008000d0        0x0 c:/winavr-20100110/bin/../lib/gcc/avr/4.3.3/../../../../avr/lib/avr5\libc.a(itoa.o)
 .bss           0x008000d0        0x0 c:/winavr-20100110/bin/../lib/gcc/avr/4.3.3/../../../../avr/lib/avr5\libc.a(strrev.o)
 .bss           0x008000d0        0x0 c:/winavr-20100110/bin/../lib/gcc/avr/4.3.3/avr5\libgcc.a(_udivmodhi4.o)
 *(.bss*)
 .bss.xNextFreeByte
                0x008000d0        0x2 ./heap_1.o
 .bss.pucAlignedHeap.1645
                0x008000d2        0x2 ./heap_1.o
 .bss.ucHeap    0x008000d4      0x5dc ./heap_1.o
 .bss.press_flag
                0x008006b0        0x1 ./keypad.o
                0x008006b0                press_flag
 .bss.init_handel
                0x008006b1        0x2 ./main.o
                0x008006b1                init_handel
 .bss.task1_handel
                0x008006b3        0x2 ./main.o
                0x008006b3                task1_handel
 .bss.task2_handel
                0x008006b5        0x2 ./main.o
                0x008006b5                task2_handel
 .bss.task3_handel
                0x008006b7        0x2 ./main.o
                0x008006b7                task3_handel
 .bss.Task1_state
                0x008006b9        0x1 ./main.o
                0x008006b9                Task1_state
 .bss.PressFlag
                0x008006ba        0x1 ./main.o
                0x008006ba                PressFlag
 .bss.count     0x008006bb        0x1 ./main.o
                0x008006bb                count
 .bss.PW_correct.1689
                0x008006bc        0x1 ./main.o
 .bss.check_correct_digit.1688
                0x008006bd        0x1 ./main.o
 .bss.check_counter.1687
                0x008006be        0x1 ./main.o
 .bss.count.1686
                0x008006bf        0x1 ./main.o
 .bss.pxCurrentTCB
                0x008006c0        0x2 ./tasks.o
                0x008006c0                pxCurrentTCB
 .bss.uxDeletedTasksWaitingCleanUp
                0x008006c2        0x1 ./tasks.o
 .bss.uxCurrentNumberOfTasks
                0x008006c3        0x1 ./tasks.o
 .bss.xTickCount
                0x008006c4        0x2 ./tasks.o
 .bss.uxTopReadyPriority
                0x008006c6        0x1 ./tasks.o
 .bss.xSchedulerRunning
                0x008006c7        0x1 ./tasks.o
 .bss.uxPendedTicks
                0x008006c8        0x1 ./tasks.o
 .bss.xYieldPending
                0x008006c9        0x1 ./tasks.o
 .bss.xNumOfOverflows
                0x008006ca        0x1 ./tasks.o
 .bss.uxTaskNumber
                0x008006cb        0x1 ./tasks.o
 .bss.xNextTaskUnblockTime
                0x008006cc        0x2 ./tasks.o
 .bss.xIdleTaskHandle
                0x008006ce        0x2 ./tasks.o
 .bss.uxSchedulerSuspended
                0x008006d0        0x1 ./tasks.o
 .bss.pxReadyTasksLists
                0x008006d1       0x24 ./tasks.o
 .bss.xDelayedTaskList1
                0x008006f5        0x9 ./tasks.o
 .bss.xDelayedTaskList2
                0x008006fe        0x9 ./tasks.o
 .bss.pxDelayedTaskList
                0x00800707        0x2 ./tasks.o
 .bss.pxOverflowDelayedTaskList
                0x00800709        0x2 ./tasks.o
 .bss.xPendingReadyList
                0x0080070b        0x9 ./tasks.o
 .bss.xTasksWaitingTermination
                0x00800714        0x9 ./tasks.o
 .bss.xSuspendedTaskList
                0x0080071d        0x9 ./tasks.o
 *(COMMON)
 COMMON         0x00800726        0x3 ./keypad.o
                0x00800726                EnmButton_State
                0x00800727                col
                0x00800728                row
 COMMON         0x00800729        0x7 ./main.o
                0x00800729                Entered_PW
                0x0080072f                task1state
                0x00800730                PROVIDE (__bss_end, .)
                0x000064da                __data_load_start = LOADADDR (.data)
                0x0000654a                __data_load_end = (__data_load_start + SIZEOF (.data))

.noinit         0x00800730        0x0
                0x00800730                PROVIDE (__noinit_start, .)
 *(.noinit*)
                0x00800730                PROVIDE (__noinit_end, .)
                0x00800730                _end = .
                0x00800730                PROVIDE (__heap_start, .)

.eeprom         0x00810000        0x0
 *(.eeprom*)
                0x00810000                __eeprom_end = .

.fuse
 *(.fuse)
 *(.lfuse)
 *(.hfuse)
 *(.efuse)

.lock
 *(.lock*)

.signature
 *(.signature*)

.stab           0x00000000     0x9408
 *(.stab)
 .stab          0x00000000      0x474 ./DIO_operations.o
 .stab          0x00000474      0xa8c ./LCD.o
                                0xb1c (size before relaxing)
 .stab          0x00000f00      0x1c8 ./croutine.o
                                0x630 (size before relaxing)
 .stab          0x000010c8      0xde0 ./event_groups.o
                               0x111c (size before relaxing)
 .stab          0x00001ea8      0x30c ./heap_1.o
                                0x7bc (size before relaxing)
 .stab          0x000021b4      0x2b8 ./keypad.o
                                0x330 (size before relaxing)
 .stab          0x0000246c      0x678 ./lcd_4bit.o
                                0x834 (size before relaxing)
 .stab          0x00002ae4      0x180 ./led.o
                                0x210 (size before relaxing)
 .stab          0x00002c64      0x474 ./list.o
                                0x858 (size before relaxing)
 .stab          0x000030d8      0x5c4 ./main.o
                                0xae0 (size before relaxing)
 .stab          0x0000369c      0x840 ./port.o
                                0xce4 (size before relaxing)
 .stab          0x00003edc     0x1a88 ./queue.o
                               0x1f38 (size before relaxing)
 .stab          0x00005964     0x1608 ./stream_buffer.o
                               0x1a4c (size before relaxing)
 .stab          0x00006f6c     0x22f8 ./tasks.o
                               0x27d8 (size before relaxing)
 .stab          0x00009264      0x1a4 ./timers.o
                                0x6b4 (size before relaxing)

.stabstr        0x00000000     0x4adb
 *(.stabstr)
 .stabstr       0x00000000     0x4adb ./DIO_operations.o

.stab.excl
 *(.stab.excl)

.stab.exclstr
 *(.stab.exclstr)

.stab.index
 *(.stab.index)

.stab.indexstr
 *(.stab.indexstr)

.comment
 *(.comment)

.debug
 *(.debug)

.line
 *(.line)

.debug_srcinfo
 *(.debug_srcinfo)

.debug_sfnames
 *(.debug_sfnames)

.debug_aranges  0x00000000      0x140
 *(.debug_aranges)
 .debug_aranges
                0x00000000       0x20 c:/winavr-20100110/bin/../lib/gcc/avr/4.3.3/avr5\libgcc.a(_fixunssfsi.o)
 .debug_aranges
                0x00000020       0x20 c:/winavr-20100110/bin/../lib/gcc/avr/4.3.3/avr5\libgcc.a(_addsub_sf.o)
 .debug_aranges
                0x00000040       0x20 c:/winavr-20100110/bin/../lib/gcc/avr/4.3.3/avr5\libgcc.a(_mul_sf.o)
 .debug_aranges
                0x00000060       0x20 c:/winavr-20100110/bin/../lib/gcc/avr/4.3.3/avr5\libgcc.a(_gt_sf.o)
 .debug_aranges
                0x00000080       0x20 c:/winavr-20100110/bin/../lib/gcc/avr/4.3.3/avr5\libgcc.a(_ge_sf.o)
 .debug_aranges
                0x000000a0       0x20 c:/winavr-20100110/bin/../lib/gcc/avr/4.3.3/avr5\libgcc.a(_lt_sf.o)
 .debug_aranges
                0x000000c0       0x20 c:/winavr-20100110/bin/../lib/gcc/avr/4.3.3/avr5\libgcc.a(_sf_to_si.o)
 .debug_aranges
                0x000000e0       0x20 c:/winavr-20100110/bin/../lib/gcc/avr/4.3.3/avr5\libgcc.a(_pack_sf.o)
 .debug_aranges
                0x00000100       0x20 c:/winavr-20100110/bin/../lib/gcc/avr/4.3.3/avr5\libgcc.a(_unpack_sf.o)
 .debug_aranges
                0x00000120       0x20 c:/winavr-20100110/bin/../lib/gcc/avr/4.3.3/avr5\libgcc.a(_fpcmp_parts_sf.o)

.debug_pubnames
                0x00000000      0x170
 *(.debug_pubnames)
 .debug_pubnames
                0x00000000       0x23 c:/winavr-20100110/bin/../lib/gcc/avr/4.3.3/avr5\libgcc.a(_fixunssfsi.o)
 .debug_pubnames
                0x00000023       0x2c c:/winavr-20100110/bin/../lib/gcc/avr/4.3.3/avr5\libgcc.a(_addsub_sf.o)
 .debug_pubnames
                0x0000004f       0x1f c:/winavr-20100110/bin/../lib/gcc/avr/4.3.3/avr5\libgcc.a(_mul_sf.o)
 .debug_pubnames
                0x0000006e       0x1e c:/winavr-20100110/bin/../lib/gcc/avr/4.3.3/avr5\libgcc.a(_gt_sf.o)
 .debug_pubnames
                0x0000008c       0x1e c:/winavr-20100110/bin/../lib/gcc/avr/4.3.3/avr5\libgcc.a(_ge_sf.o)
 .debug_pubnames
                0x000000aa       0x1e c:/winavr-20100110/bin/../lib/gcc/avr/4.3.3/avr5\libgcc.a(_lt_sf.o)
 .debug_pubnames
                0x000000c8       0x20 c:/winavr-20100110/bin/../lib/gcc/avr/4.3.3/avr5\libgcc.a(_sf_to_si.o)
 .debug_pubnames
                0x000000e8       0x22 c:/winavr-20100110/bin/../lib/gcc/avr/4.3.3/avr5\libgcc.a(_thenan_sf.o)
 .debug_pubnames
                0x0000010a       0x1f c:/winavr-20100110/bin/../lib/gcc/avr/4.3.3/avr5\libgcc.a(_pack_sf.o)
 .debug_pubnames
                0x00000129       0x21 c:/winavr-20100110/bin/../lib/gcc/avr/4.3.3/avr5\libgcc.a(_unpack_sf.o)
 .debug_pubnames
                0x0000014a       0x26 c:/winavr-20100110/bin/../lib/gcc/avr/4.3.3/avr5\libgcc.a(_fpcmp_parts_sf.o)

.debug_info     0x00000000     0x1c49
 *(.debug_info)
 .debug_info    0x00000000       0xb1 c:/winavr-20100110/bin/../lib/gcc/avr/4.3.3/avr5\libgcc.a(_fixunssfsi.o)
 .debug_info    0x000000b1      0x47a c:/winavr-20100110/bin/../lib/gcc/avr/4.3.3/avr5\libgcc.a(_addsub_sf.o)
 .debug_info    0x0000052b      0x485 c:/winavr-20100110/bin/../lib/gcc/avr/4.3.3/avr5\libgcc.a(_mul_sf.o)
 .debug_info    0x000009b0      0x27f c:/winavr-20100110/bin/../lib/gcc/avr/4.3.3/avr5\libgcc.a(_gt_sf.o)
 .debug_info    0x00000c2f      0x27f c:/winavr-20100110/bin/../lib/gcc/avr/4.3.3/avr5\libgcc.a(_ge_sf.o)
 .debug_info    0x00000eae      0x27f c:/winavr-20100110/bin/../lib/gcc/avr/4.3.3/avr5\libgcc.a(_lt_sf.o)
 .debug_info    0x0000112d      0x2b0 c:/winavr-20100110/bin/../lib/gcc/avr/4.3.3/avr5\libgcc.a(_sf_to_si.o)
 .debug_info    0x000013dd      0x12c c:/winavr-20100110/bin/../lib/gcc/avr/4.3.3/avr5\libgcc.a(_thenan_sf.o)
 .debug_info    0x00001509      0x2df c:/winavr-20100110/bin/../lib/gcc/avr/4.3.3/avr5\libgcc.a(_pack_sf.o)
 .debug_info    0x000017e8      0x251 c:/winavr-20100110/bin/../lib/gcc/avr/4.3.3/avr5\libgcc.a(_unpack_sf.o)
 .debug_info    0x00001a39      0x210 c:/winavr-20100110/bin/../lib/gcc/avr/4.3.3/avr5\libgcc.a(_fpcmp_parts_sf.o)
 *(.gnu.linkonce.wi.*)

.debug_abbrev   0x00000000      0xeeb
 *(.debug_abbrev)
 .debug_abbrev  0x00000000       0x5d c:/winavr-20100110/bin/../lib/gcc/avr/4.3.3/avr5\libgcc.a(_fixunssfsi.o)
 .debug_abbrev  0x0000005d      0x1ea c:/winavr-20100110/bin/../lib/gcc/avr/4.3.3/avr5\libgcc.a(_addsub_sf.o)
 .debug_abbrev  0x00000247      0x21b c:/winavr-20100110/bin/../lib/gcc/avr/4.3.3/avr5\libgcc.a(_mul_sf.o)
 .debug_abbrev  0x00000462      0x15a c:/winavr-20100110/bin/../lib/gcc/avr/4.3.3/avr5\libgcc.a(_gt_sf.o)
 .debug_abbrev  0x000005bc      0x15a c:/winavr-20100110/bin/../lib/gcc/avr/4.3.3/avr5\libgcc.a(_ge_sf.o)
 .debug_abbrev  0x00000716      0x15a c:/winavr-20100110/bin/../lib/gcc/avr/4.3.3/avr5\libgcc.a(_lt_sf.o)
 .debug_abbrev  0x00000870      0x17f c:/winavr-20100110/bin/../lib/gcc/avr/4.3.3/avr5\libgcc.a(_sf_to_si.o)
 .debug_abbrev  0x000009ef       0xad c:/winavr-20100110/bin/../lib/gcc/avr/4.3.3/avr5\libgcc.a(_thenan_sf.o)
 .debug_abbrev  0x00000a9c      0x1c0 c:/winavr-20100110/bin/../lib/gcc/avr/4.3.3/avr5\libgcc.a(_pack_sf.o)
 .debug_abbrev  0x00000c5c      0x154 c:/winavr-20100110/bin/../lib/gcc/avr/4.3.3/avr5\libgcc.a(_unpack_sf.o)
 .debug_abbrev  0x00000db0      0x13b c:/winavr-20100110/bin/../lib/gcc/avr/4.3.3/avr5\libgcc.a(_fpcmp_parts_sf.o)

.debug_line     0x00000000      0xdad
 *(.debug_line)
 .debug_line    0x00000000       0xa7 c:/winavr-20100110/bin/../lib/gcc/avr/4.3.3/avr5\libgcc.a(_fixunssfsi.o)
 .debug_line    0x000000a7      0x2af c:/winavr-20100110/bin/../lib/gcc/avr/4.3.3/avr5\libgcc.a(_addsub_sf.o)
 .debug_line    0x00000356      0x239 c:/winavr-20100110/bin/../lib/gcc/avr/4.3.3/avr5\libgcc.a(_mul_sf.o)
 .debug_line    0x0000058f       0xd3 c:/winavr-20100110/bin/../lib/gcc/avr/4.3.3/avr5\libgcc.a(_gt_sf.o)
 .debug_line    0x00000662       0xd3 c:/winavr-20100110/bin/../lib/gcc/avr/4.3.3/avr5\libgcc.a(_ge_sf.o)
 .debug_line    0x00000735       0xd3 c:/winavr-20100110/bin/../lib/gcc/avr/4.3.3/avr5\libgcc.a(_lt_sf.o)
 .debug_line    0x00000808      0x109 c:/winavr-20100110/bin/../lib/gcc/avr/4.3.3/avr5\libgcc.a(_sf_to_si.o)
 .debug_line    0x00000911       0x90 c:/winavr-20100110/bin/../lib/gcc/avr/4.3.3/avr5\libgcc.a(_thenan_sf.o)
 .debug_line    0x000009a1      0x18a c:/winavr-20100110/bin/../lib/gcc/avr/4.3.3/avr5\libgcc.a(_pack_sf.o)
 .debug_line    0x00000b2b      0x14b c:/winavr-20100110/bin/../lib/gcc/avr/4.3.3/avr5\libgcc.a(_unpack_sf.o)
 .debug_line    0x00000c76      0x137 c:/winavr-20100110/bin/../lib/gcc/avr/4.3.3/avr5\libgcc.a(_fpcmp_parts_sf.o)

.debug_frame    0x00000000      0x160
 *(.debug_frame)
 .debug_frame   0x00000000       0x20 c:/winavr-20100110/bin/../lib/gcc/avr/4.3.3/avr5\libgcc.a(_fixunssfsi.o)
 .debug_frame   0x00000020       0x40 c:/winavr-20100110/bin/../lib/gcc/avr/4.3.3/avr5\libgcc.a(_addsub_sf.o)
 .debug_frame   0x00000060       0x20 c:/winavr-20100110/bin/../lib/gcc/avr/4.3.3/avr5\libgcc.a(_mul_sf.o)
 .debug_frame   0x00000080       0x20 c:/winavr-20100110/bin/../lib/gcc/avr/4.3.3/avr5\libgcc.a(_gt_sf.o)
 .debug_frame   0x000000a0       0x20 c:/winavr-20100110/bin/../lib/gcc/avr/4.3.3/avr5\libgcc.a(_ge_sf.o)
 .debug_frame   0x000000c0       0x20 c:/winavr-20100110/bin/../lib/gcc/avr/4.3.3/avr5\libgcc.a(_lt_sf.o)
 .debug_frame   0x000000e0       0x20 c:/winavr-20100110/bin/../lib/gcc/avr/4.3.3/avr5\libgcc.a(_sf_to_si.o)
 .debug_frame   0x00000100       0x20 c:/winavr-20100110/bin/../lib/gcc/avr/4.3.3/avr5\libgcc.a(_pack_sf.o)
 .debug_frame   0x00000120       0x20 c:/winavr-20100110/bin/../lib/gcc/avr/4.3.3/avr5\libgcc.a(_unpack_sf.o)
 .debug_frame   0x00000140       0x20 c:/winavr-20100110/bin/../lib/gcc/avr/4.3.3/avr5\libgcc.a(_fpcmp_parts_sf.o)

.debug_str      0x00000000      0x28d
 *(.debug_str)
 .debug_str     0x00000000       0xbf c:/winavr-20100110/bin/../lib/gcc/avr/4.3.3/avr5\libgcc.a(_fixunssfsi.o)
                                 0xfe (size before relaxing)
 .debug_str     0x000000bf      0x14d c:/winavr-20100110/bin/../lib/gcc/avr/4.3.3/avr5\libgcc.a(_addsub_sf.o)
                                0x206 (size before relaxing)
 .debug_str     0x0000020c       0x27 c:/winavr-20100110/bin/../lib/gcc/avr/4.3.3/avr5\libgcc.a(_mul_sf.o)
                                0x1bf (size before relaxing)
 .debug_str     0x00000233        0xf c:/winavr-20100110/bin/../lib/gcc/avr/4.3.3/avr5\libgcc.a(_gt_sf.o)
                                0x195 (size before relaxing)
 .debug_str     0x00000242        0x8 c:/winavr-20100110/bin/../lib/gcc/avr/4.3.3/avr5\libgcc.a(_ge_sf.o)
                                0x195 (size before relaxing)
 .debug_str     0x0000024a        0x8 c:/winavr-20100110/bin/../lib/gcc/avr/4.3.3/avr5\libgcc.a(_lt_sf.o)
                                0x195 (size before relaxing)
 .debug_str     0x00000252        0xa c:/winavr-20100110/bin/../lib/gcc/avr/4.3.3/avr5\libgcc.a(_sf_to_si.o)
                                0x19e (size before relaxing)
 .debug_str     0x00000000      0x103 c:/winavr-20100110/bin/../lib/gcc/avr/4.3.3/avr5\libgcc.a(_thenan_sf.o)
 .debug_str     0x0000025c       0x16 c:/winavr-20100110/bin/../lib/gcc/avr/4.3.3/avr5\libgcc.a(_pack_sf.o)
                                0x19d (size before relaxing)
 .debug_str     0x00000272        0xb c:/winavr-20100110/bin/../lib/gcc/avr/4.3.3/avr5\libgcc.a(_unpack_sf.o)
                                0x17f (size before relaxing)
 .debug_str     0x0000027d       0x10 c:/winavr-20100110/bin/../lib/gcc/avr/4.3.3/avr5\libgcc.a(_fpcmp_parts_sf.o)
                                0x163 (size before relaxing)

.debug_loc      0x00000000      0x7ce
 *(.debug_loc)
 .debug_loc     0x00000000       0x34 c:/winavr-20100110/bin/../lib/gcc/avr/4.3.3/avr5\libgcc.a(_fixunssfsi.o)
 .debug_loc     0x00000034      0x32a c:/winavr-20100110/bin/../lib/gcc/avr/4.3.3/avr5\libgcc.a(_addsub_sf.o)
 .debug_loc     0x0000035e      0x104 c:/winavr-20100110/bin/../lib/gcc/avr/4.3.3/avr5\libgcc.a(_mul_sf.o)
 .debug_loc     0x00000462       0x3c c:/winavr-20100110/bin/../lib/gcc/avr/4.3.3/avr5\libgcc.a(_gt_sf.o)
 .debug_loc     0x0000049e       0x3c c:/winavr-20100110/bin/../lib/gcc/avr/4.3.3/avr5\libgcc.a(_ge_sf.o)
 .debug_loc     0x000004da       0x3c c:/winavr-20100110/bin/../lib/gcc/avr/4.3.3/avr5\libgcc.a(_lt_sf.o)
 .debug_loc     0x00000516       0x7e c:/winavr-20100110/bin/../lib/gcc/avr/4.3.3/avr5\libgcc.a(_sf_to_si.o)
 .debug_loc     0x00000594      0x13e c:/winavr-20100110/bin/../lib/gcc/avr/4.3.3/avr5\libgcc.a(_pack_sf.o)
 .debug_loc     0x000006d2       0xac c:/winavr-20100110/bin/../lib/gcc/avr/4.3.3/avr5\libgcc.a(_unpack_sf.o)
 .debug_loc     0x0000077e       0x50 c:/winavr-20100110/bin/../lib/gcc/avr/4.3.3/avr5\libgcc.a(_fpcmp_parts_sf.o)

.debug_macinfo
 *(.debug_macinfo)
OUTPUT(RTOS.elf elf32-avr)
LOAD linker stubs

.debug_ranges   0x00000000       0x50
 .debug_ranges  0x00000000       0x50 c:/winavr-20100110/bin/../lib/gcc/avr/4.3.3/avr5\libgcc.a(_mul_sf.o)
